	chr	rsid1	rsid2	dist	pos1	pos2	af1	af2	corr	beta1_M	pval1_M	beta2_M	pval2_M	beta1_J	beta1_J_se	or1_J	t1_J	pval1_J	beta2_J	beta2_J_se	or2_J	t2_J	pval2_J	Chi2_J	pval_J	beta1_X	beta1_X_se	or1_X	t1_X	pval1_X	beta2_X	beta2_X_se	or2_X	t2_X	pval2_X	beta3_X	beta3_X_se	or3_X	t3_X	pval3_X	Chi2_X	pval_X
0	1	rs1539529	rs498502	31	48749073	48437116	0.72252	0.89383	-0.11231	0.47504	7.1465e-05	0.50001	0.0053838	0.52079	0.12072	1.6834	4.3142	1.6019e-05	0.59082	0.18147	1.8055	3.2557	0.001131	26.578	1.6927e-06	-1	-1	-1	-1	-1	-1	-1	-1	-1	-1	-1	-1	-1	-1	-1	-1	-1
1	1	rs5017079	rs1539529	41	49048476	48749073	0.79863	0.72252	0.0070801	-0.37177	0.0057686	0.47504	7.1465e-05	-0.37777	0.13506	0.68539	-2.797	0.0051578	0.47878	0.1198	1.6141	3.9964	6.4309e-05	23.744	6.9847e-06	-1	-1	-1	-1	-1	-1	-1	-1	-1	-1	-1	-1	-1	-1	-1	-1	-1
